device: mps
train: 1638  val: 181
qc [0.250, 42.260] MPa   fs [1.510, 806.000] kPa
tokenizer loaded  val_recon 0.0010  K=64  d_vq=32
params: 7.58M
epoch   1/300  train 1.8797  val 0.7870  mr 0.50  pf 0.00  lr 9.81e-05
epoch   2/300  train 0.2528  val 0.1582  mr 0.50  pf 0.00  lr 1.98e-04
epoch   3/300  train 0.0510  val 0.1160  mr 0.50  pf 0.00  lr 2.98e-04
epoch   4/300  train 0.0389  val 0.1066  mr 0.50  pf 0.00  lr 3.98e-04
epoch   5/300  train 0.0365  val 0.0990  mr 0.50  pf 0.00  lr 4.98e-04
epoch   6/300  train 0.0349  val 0.0918  mr 0.50  pf 0.00  lr 5.98e-04
epoch   7/300  train 0.0332  val 0.0646  mr 0.50  pf 0.00  lr 6.98e-04
epoch   8/300  train 0.0318  val 0.0659  mr 0.50  pf 0.00  lr 7.98e-04
epoch   9/300  train 0.0323  val 0.0540  mr 0.50  pf 0.00  lr 8.98e-04
epoch  10/300  train 0.0312  val 0.0527  mr 0.50  pf 0.00  lr 9.98e-04
epoch  11/300  train 0.0304  val 0.0487  mr 0.50  pf 0.00  lr 1.00e-03
epoch  12/300  train 0.0277  val 0.0420  mr 0.50  pf 0.00  lr 1.00e-03
epoch  13/300  train 0.0289  val 0.0446  mr 0.50  pf 0.00  lr 1.00e-03
epoch  14/300  train 0.0270  val 0.0400  mr 0.50  pf 0.00  lr 1.00e-03
epoch  15/300  train 0.0269  val 0.0401  mr 0.50  pf 0.00  lr 9.99e-04
epoch  16/300  train 0.0258  val 0.0367  mr 0.50  pf 0.00  lr 9.99e-04
epoch  17/300  train 0.0264  val 0.0354  mr 0.50  pf 0.00  lr 9.99e-04
epoch  18/300  train 0.0268  val 0.0402  mr 0.50  pf 0.00  lr 9.98e-04
epoch  19/300  train 0.0257  val 0.0349  mr 0.50  pf 0.00  lr 9.98e-04
epoch  20/300  train 0.0251  val 0.0338  mr 0.50  pf 0.00  lr 9.97e-04
epoch  21/300  train 0.0255  val 0.0362  mr 0.50  pf 0.00  lr 9.97e-04
epoch  22/300  train 0.0258  val 0.0347  mr 0.50  pf 0.00  lr 9.96e-04
epoch  23/300  train 0.0250  val 0.0342  mr 0.50  pf 0.00  lr 9.95e-04
epoch  24/300  train 0.0253  val 0.0321  mr 0.50  pf 0.00  lr 9.94e-04
epoch  25/300  train 0.0246  val 0.0337  mr 0.50  pf 0.00  lr 9.93e-04
epoch  26/300  train 0.0268  val 0.0335  mr 0.50  pf 0.00  lr 9.93e-04
epoch  27/300  train 0.0257  val 0.0318  mr 0.50  pf 0.00  lr 9.92e-04
epoch  28/300  train 0.0247  val 0.0319  mr 0.50  pf 0.00  lr 9.91e-04
epoch  29/300  train 0.0242  val 0.0300  mr 0.50  pf 0.00  lr 9.90e-04
epoch  30/300  train 0.0239  val 0.0331  mr 0.50  pf 0.00  lr 9.88e-04
epoch  31/300  train 0.0234  val 0.0304  mr 0.50  pf 0.00  lr 9.87e-04
epoch  32/300  train 0.0235  val 0.0288  mr 0.50  pf 0.00  lr 9.86e-04
epoch  33/300  train 0.0235  val 0.0319  mr 0.50  pf 0.00  lr 9.85e-04
epoch  34/300  train 0.0237  val 0.0299  mr 0.50  pf 0.00  lr 9.83e-04
epoch  35/300  train 0.0236  val 0.0304  mr 0.50  pf 0.00  lr 9.82e-04
epoch  36/300  train 0.0231  val 0.0288  mr 0.50  pf 0.00  lr 9.81e-04
epoch  37/300  train 0.0232  val 0.0307  mr 0.50  pf 0.00  lr 9.79e-04
epoch  38/300  train 0.0232  val 0.0302  mr 0.50  pf 0.00  lr 9.77e-04
epoch  39/300  train 0.0228  val 0.0276  mr 0.50  pf 0.00  lr 9.76e-04
epoch  40/300  train 0.0225  val 0.0276  mr 0.50  pf 0.00  lr 9.74e-04
epoch  41/300  train 0.0228  val 0.0270  mr 0.50  pf 0.00  lr 9.72e-04
epoch  42/300  train 0.0225  val 0.0280  mr 0.50  pf 0.00  lr 9.71e-04
