device: mps
train: 1457  val: 181  test (held-out): 181
qc [0.251, 41.900] MPa   fs [1.700, 814.999] kPa
tokenizer loaded  val_recon 0.0010  K=64  d_vq=32
/Users/m1a4xnetworkprobe./Documents/CPTFM/model.py:37: UserWarning: enable_nested_tensor is True, but self.use_nested_tensor is False because encoder_layer.norm_first was True
  self.encoder = nn.TransformerEncoder(encoder_layer, num_layers=encoder_depth)
/Users/m1a4xnetworkprobe./Documents/CPTFM/model.py:47: UserWarning: enable_nested_tensor is True, but self.use_nested_tensor is False because encoder_layer.norm_first was True
  self.decoder      = nn.TransformerEncoder(decoder_layer, num_layers=decoder_depth)
params: 7.58M
epoch   1/300  train 2.6677  val 2.3625  mr 0.50  pf 0.00  lr 8.33e-05
epoch   2/300  train 2.1759  val 1.7484  mr 0.50  pf 0.00  lr 1.83e-04
epoch   3/300  train 1.4298  val 1.0110  mr 0.50  pf 0.00  lr 2.83e-04
epoch   4/300  train 0.7481  val 0.4721  mr 0.50  pf 0.00  lr 3.83e-04
epoch   5/300  train 0.3305  val 0.2407  mr 0.50  pf 0.00  lr 4.83e-04
epoch   6/300  train 0.1762  val 0.1482  mr 0.50  pf 0.00  lr 5.83e-04
epoch   7/300  train 0.1086  val 0.1019  mr 0.50  pf 0.00  lr 6.83e-04
epoch   8/300  train 0.0789  val 0.0864  mr 0.50  pf 0.00  lr 7.83e-04
epoch   9/300  train 0.0644  val 0.0699  mr 0.50  pf 0.00  lr 8.83e-04
epoch  10/300  train 0.0566  val 0.0731  mr 0.50  pf 0.00  lr 9.83e-04
epoch  11/300  train 0.0511  val 0.0537  mr 0.50  pf 0.00  lr 1.00e-03
epoch  12/300  train 0.0459  val 0.0568  mr 0.50  pf 0.00  lr 1.00e-03
epoch  13/300  train 0.0411  val 0.0499  mr 0.50  pf 0.00  lr 1.00e-03
epoch  14/300  train 0.0369  val 0.0496  mr 0.50  pf 0.00  lr 1.00e-03
epoch  15/300  train 0.0353  val 0.0448  mr 0.50  pf 0.00  lr 9.99e-04
epoch  16/300  train 0.0337  val 0.0457  mr 0.50  pf 0.00  lr 9.99e-04
epoch  17/300  train 0.0328  val 0.0482  mr 0.50  pf 0.00  lr 9.99e-04
epoch  18/300  train 0.0323  val 0.0463  mr 0.50  pf 0.00  lr 9.98e-04
epoch  19/300  train 0.0319  val 0.0423  mr 0.50  pf 0.00  lr 9.98e-04
epoch  20/300  train 0.0304  val 0.0411  mr 0.50  pf 0.00  lr 9.97e-04
epoch  21/300  train 0.0307  val 0.0413  mr 0.50  pf 0.00  lr 9.97e-04
epoch  22/300  train 0.0292  val 0.0420  mr 0.50  pf 0.00  lr 9.96e-04
epoch  23/300  train 0.0302  val 0.0422  mr 0.50  pf 0.00  lr 9.95e-04
epoch  24/300  train 0.0287  val 0.0415  mr 0.50  pf 0.00  lr 9.94e-04
epoch  25/300  train 0.0299  val 0.0403  mr 0.50  pf 0.00  lr 9.94e-04
  test (n=181)  vis  0m  qc 9.845 MPa  fs 165.718 kPa
  test (n=181)  vis  5m  qc 10.582 MPa  fs 171.514 kPa
  test (n=181)  vis 10m  qc 11.903 MPa  fs 178.480 kPa
  test (n=181)  vis 15m  qc 14.681 MPa  fs 187.752 kPa
  test (n=181)  vis 20m  qc 20.714 MPa  fs 267.553 kPa
epoch  26/300  train 0.0316  val 0.0397  mr 0.50  pf 0.00  lr 9.93e-04
epoch  27/300  train 0.0299  val 0.0423  mr 0.50  pf 0.00  lr 9.92e-04
epoch  28/300  train 0.0302  val 0.0403  mr 0.50  pf 0.00  lr 9.91e-04
epoch  29/300  train 0.0290  val 0.0394  mr 0.50  pf 0.00  lr 9.90e-04
epoch  30/300  train 0.0275  val 0.0407  mr 0.50  pf 0.00  lr 9.89e-04
epoch  31/300  train 0.0283  val 0.0365  mr 0.50  pf 0.00  lr 9.87e-04
epoch  32/300  train 0.0276  val 0.0373  mr 0.50  pf 0.00  lr 9.86e-04
epoch  33/300  train 0.0273  val 0.0396  mr 0.50  pf 0.00  lr 9.85e-04
epoch  34/300  train 0.0283  val 0.0383  mr 0.50  pf 0.00  lr 9.84e-04
epoch  35/300  train 0.0275  val 0.0371  mr 0.50  pf 0.00  lr 9.82e-04
epoch  36/300  train 0.0273  val 0.0353  mr 0.50  pf 0.00  lr 9.81e-04
epoch  37/300  train 0.0270  val 0.0366  mr 0.50  pf 0.00  lr 9.79e-04
epoch  38/300  train 0.0280  val 0.0343  mr 0.50  pf 0.00  lr 9.78e-04
epoch  39/300  train 0.0300  val 0.0364  mr 0.50  pf 0.00  lr 9.76e-04
epoch  40/300  train 0.0290  val 0.0381  mr 0.50  pf 0.00  lr 9.74e-04
epoch  41/300  train 0.0285  val 0.0345  mr 0.50  pf 0.00  lr 9.73e-04
epoch  42/300  train 0.0274  val 0.0345  mr 0.50  pf 0.00  lr 9.71e-04
epoch  43/300  train 0.0269  val 0.0344  mr 0.50  pf 0.00  lr 9.69e-04
epoch  44/300  train 0.0259  val 0.0332  mr 0.50  pf 0.00  lr 9.67e-04
epoch  45/300  train 0.0255  val 0.0336  mr 0.50  pf 0.00  lr 9.65e-04
epoch  46/300  train 0.0265  val 0.0347  mr 0.50  pf 0.00  lr 9.63e-04
epoch  47/300  train 0.0257  val 0.0339  mr 0.50  pf 0.00  lr 9.61e-04
epoch  48/300  train 0.0260  val 0.0348  mr 0.50  pf 0.00  lr 9.59e-04
epoch  49/300  train 0.0264  val 0.0346  mr 0.50  pf 0.00  lr 9.57e-04
epoch  50/300  train 0.0279  val 0.0347  mr 0.50  pf 0.00  lr 9.55e-04
  test (n=181)  vis  0m  qc 10.194 MPa  fs 157.730 kPa
  test (n=181)  vis  5m  qc 10.621 MPa  fs 159.484 kPa
  test (n=181)  vis 10m  qc 10.674 MPa  fs 166.170 kPa
  test (n=181)  vis 15m  qc 12.980 MPa  fs 178.788 kPa
  test (n=181)  vis 20m  qc 18.786 MPa  fs 248.497 kPa
epoch  51/300  train 0.0270  val 0.0338  mr 0.50  pf 0.00  lr 9.52e-04
epoch  52/300  train 0.0265  val 0.0355  mr 0.50  pf 0.00  lr 9.50e-04
epoch  53/300  train 0.0263  val 0.0329  mr 0.50  pf 0.00  lr 9.48e-04
epoch  54/300  train 0.0265  val 0.0383  mr 0.50  pf 0.00  lr 9.45e-04
epoch  55/300  train 0.0260  val 0.0337  mr 0.50  pf 0.00  lr 9.43e-04
epoch  56/300  train 0.0259  val 0.0312  mr 0.50  pf 0.00  lr 9.40e-04
epoch  57/300  train 0.0255  val 0.0318  mr 0.50  pf 0.00  lr 9.38e-04
epoch  58/300  train 0.0249  val 0.0334  mr 0.50  pf 0.00  lr 9.35e-04
epoch  59/300  train 0.0253  val 0.0316  mr 0.50  pf 0.00  lr 9.32e-04
epoch  60/300  train 0.0255  val 0.0316  mr 0.50  pf 0.00  lr 9.30e-04
epoch  61/300  train 0.0250  val 0.0310  mr 0.50  pf 0.00  lr 9.27e-04
epoch  62/300  train 0.0255  val 0.0319  mr 0.50  pf 0.00  lr 9.24e-04
epoch  63/300  train 0.0245  val 0.0311  mr 0.50  pf 0.00  lr 9.21e-04
epoch  64/300  train 0.0249  val 0.0306  mr 0.50  pf 0.00  lr 9.18e-04
epoch  65/300  train 0.0248  val 0.0304  mr 0.50  pf 0.00  lr 9.15e-04
epoch  66/300  train 0.0251  val 0.0300  mr 0.50  pf 0.00  lr 9.12e-04
epoch  67/300  train 0.0250  val 0.0305  mr 0.50  pf 0.00  lr 9.09e-04
epoch  68/300  train 0.0252  val 0.0313  mr 0.50  pf 0.00  lr 9.06e-04
epoch  69/300  train 0.0243  val 0.0323  mr 0.50  pf 0.00  lr 9.03e-04
epoch  70/300  train 0.0247  val 0.0316  mr 0.50  pf 0.00  lr 9.00e-04
epoch  71/300  train 0.0252  val 0.0321  mr 0.50  pf 0.00  lr 8.96e-04
epoch  72/300  train 0.0245  val 0.0304  mr 0.50  pf 0.00  lr 8.93e-04
epoch  73/300  train 0.0250  val 0.0304  mr 0.50  pf 0.00  lr 8.90e-04
epoch  74/300  train 0.0250  val 0.0332  mr 0.50  pf 0.00  lr 8.86e-04
epoch  75/300  train 0.0250  val 0.0317  mr 0.50  pf 0.00  lr 8.83e-04
  test (n=181)  vis  0m  qc 9.900 MPa  fs 158.510 kPa
  test (n=181)  vis  5m  qc 10.851 MPa  fs 164.307 kPa
  test (n=181)  vis 10m  qc 10.982 MPa  fs 168.839 kPa
  test (n=181)  vis 15m  qc 13.427 MPa  fs 175.820 kPa
  test (n=181)  vis 20m  qc 18.447 MPa  fs 229.025 kPa
epoch  76/300  train 0.0242  val 0.0331  mr 0.50  pf 0.00  lr 8.79e-04
epoch  77/300  train 0.0245  val 0.0291  mr 0.50  pf 0.00  lr 8.76e-04
epoch  78/300  train 0.0251  val 0.0295  mr 0.50  pf 0.01  lr 8.72e-04
epoch  79/300  train 0.0246  val 0.0303  mr 0.51  pf 0.01  lr 8.69e-04
epoch  80/300  train 0.0239  val 0.0300  mr 0.51  pf 0.02  lr 8.65e-04
epoch  81/300  train 0.0235  val 0.0297  mr 0.51  pf 0.02  lr 8.61e-04
epoch  82/300  train 0.0285  val 0.0334  mr 0.51  pf 0.03  lr 8.58e-04
epoch  83/300  train 0.0316  val 0.0312  mr 0.51  pf 0.03  lr 8.54e-04
epoch  84/300  train 0.0569  val 0.0477  mr 0.52  pf 0.03  lr 8.50e-04
epoch  85/300  train 0.0427  val 0.0381  mr 0.52  pf 0.04  lr 8.46e-04
epoch  86/300  train 0.0375  val 0.0369  mr 0.52  pf 0.04  lr 8.42e-04
epoch  87/300  train 0.0328  val 0.0328  mr 0.52  pf 0.05  lr 8.38e-04
epoch  88/300  train 0.0386  val 0.0413  mr 0.53  pf 0.05  lr 8.34e-04
epoch  89/300  train 0.0424  val 0.0390  mr 0.53  pf 0.05  lr 8.30e-04
epoch  90/300  train 0.0352  val 0.0328  mr 0.53  pf 0.06  lr 8.26e-04
epoch  91/300  train 0.0380  val 0.0340  mr 0.53  pf 0.06  lr 8.22e-04
epoch  92/300  train 0.0341  val 0.0343  mr 0.53  pf 0.07  lr 8.18e-04
epoch  93/300  train 0.0314  val 0.0287  mr 0.54  pf 0.07  lr 8.14e-04
epoch  94/300  train 0.0325  val 0.0335  mr 0.54  pf 0.07  lr 8.10e-04
epoch  95/300  train 0.0303  val 0.0277  mr 0.54  pf 0.08  lr 8.05e-04
epoch  96/300  train 0.0291  val 0.0283  mr 0.54  pf 0.08  lr 8.01e-04
epoch  97/300  train 0.0281  val 0.0256  mr 0.54  pf 0.09  lr 7.97e-04
epoch  98/300  train 0.0259  val 0.0259  mr 0.55  pf 0.09  lr 7.92e-04
epoch  99/300  train 0.0269  val 0.0254  mr 0.55  pf 0.10  lr 7.88e-04
epoch 100/300  train 0.0250  val 0.0267  mr 0.55  pf 0.10  lr 7.84e-04
  test (n=181)  vis  0m  qc 9.384 MPa  fs 158.011 kPa
  test (n=181)  vis  5m  qc 12.528 MPa  fs 172.749 kPa
  test (n=181)  vis 10m  qc 14.750 MPa  fs 188.030 kPa
  test (n=181)  vis 15m  qc 18.491 MPa  fs 204.883 kPa
  test (n=181)  vis 20m  qc 25.936 MPa  fs 267.369 kPa
epoch 101/300  train 0.0273  val 0.0264  mr 0.55  pf 0.10  lr 7.79e-04
epoch 102/300  train 0.0258  val 0.0250  mr 0.55  pf 0.11  lr 7.75e-04
epoch 103/300  train 0.0260  val 0.0268  mr 0.56  pf 0.11  lr 7.70e-04
epoch 104/300  train 0.0290  val 0.0258  mr 0.56  pf 0.12  lr 7.66e-04
epoch 105/300  train 0.0273  val 0.0250  mr 0.56  pf 0.12  lr 7.61e-04
epoch 106/300  train 0.0265  val 0.0245  mr 0.56  pf 0.12  lr 7.56e-04
epoch 107/300  train 0.0250  val 0.0255  mr 0.56  pf 0.13  lr 7.52e-04
epoch 108/300  train 0.0255  val 0.0239  mr 0.57  pf 0.13  lr 7.47e-04
epoch 109/300  train 0.0314  val 0.0266  mr 0.57  pf 0.14  lr 7.42e-04
epoch 110/300  train 0.0268  val 0.0251  mr 0.57  pf 0.14  lr 7.38e-04
epoch 111/300  train 0.0269  val 0.0269  mr 0.57  pf 0.15  lr 7.33e-04
epoch 112/300  train 0.0269  val 0.0254  mr 0.57  pf 0.15  lr 7.28e-04
epoch 113/300  train 0.0252  val 0.0253  mr 0.58  pf 0.15  lr 7.23e-04
epoch 114/300  train 0.0267  val 0.0238  mr 0.58  pf 0.16  lr 7.19e-04
epoch 115/300  train 0.0272  val 0.0244  mr 0.58  pf 0.16  lr 7.14e-04
epoch 116/300  train 0.0263  val 0.0251  mr 0.58  pf 0.17  lr 7.09e-04
epoch 117/300  train 0.0275  val 0.0263  mr 0.59  pf 0.17  lr 7.04e-04
epoch 118/300  train 0.0250  val 0.0242  mr 0.59  pf 0.18  lr 6.99e-04
epoch 119/300  train 0.0263  val 0.0260  mr 0.59  pf 0.18  lr 6.94e-04
device: mps
train: 1457  val: 181  test (held-out): 181
qc [0.251, 41.900] MPa   fs [1.700, 814.999] kPa
tokenizer loaded  val_recon 0.0010  K=64  d_vq=32
/Users/m1a4xnetworkprobe./Documents/CPTFM/model.py:37: UserWarning: enable_nested_tensor is True, but self.use_nested_tensor is False because encoder_layer.norm_first was True
  self.encoder = nn.TransformerEncoder(encoder_layer, num_layers=encoder_depth)
/Users/m1a4xnetworkprobe./Documents/CPTFM/model.py:47: UserWarning: enable_nested_tensor is True, but self.use_nested_tensor is False because encoder_layer.norm_first was True
  self.decoder      = nn.TransformerEncoder(decoder_layer, num_layers=decoder_depth)
params: 7.58M
resumed from epoch 114  best_val 0.0238
epoch 115/300  train 0.2575  val 0.0512  mr 0.58  pf 0.16  lr 7.14e-04
epoch 116/300  train 0.0628  val 0.0451  mr 0.58  pf 0.17  lr 7.09e-04
epoch 117/300  train 0.0414  val 0.0370  mr 0.59  pf 0.17  lr 7.04e-04
epoch 118/300  train 0.0342  val 0.0328  mr 0.59  pf 0.18  lr 6.99e-04
epoch 119/300  train 0.0340  val 0.0302  mr 0.59  pf 0.18  lr 6.94e-04
epoch 120/300  train 0.0320  val 0.0282  mr 0.59  pf 0.18  lr 6.89e-04
epoch 121/300  train 0.0335  val 0.0287  mr 0.59  pf 0.19  lr 6.84e-04
epoch 122/300  train 0.0297  val 0.0271  mr 0.60  pf 0.19  lr 6.79e-04
epoch 123/300  train 0.0289  val 0.0255  mr 0.60  pf 0.20  lr 6.74e-04
epoch 124/300  train 0.0286  val 0.0249  mr 0.60  pf 0.20  lr 6.69e-04
epoch 125/300  train 0.0260  val 0.0259  mr 0.60  pf 0.20  lr 6.64e-04
  test (n=181)  vis  0m  qc 9.404 MPa  fs 155.147 kPa
  test (n=181)  vis  5m  qc 18.783 MPa  fs 224.546 kPa
  test (n=181)  vis 10m  qc 23.186 MPa  fs 262.854 kPa
  test (n=181)  vis 15m  qc 31.618 MPa  fs 332.436 kPa
  test (n=181)  vis 20m  qc 50.408 MPa  fs 492.152 kPa
epoch 126/300  train 0.0288  val 0.0252  mr 0.60  pf 0.21  lr 6.59e-04
epoch 127/300  train 0.0296  val 0.0254  mr 0.61  pf 0.21  lr 6.54e-04
device: mps
train: 1457  val: 181  test (held-out): 181
qc [0.251, 41.900] MPa   fs [1.700, 814.999] kPa
tokenizer loaded  val_recon 0.0010  K=64  d_vq=32
/Users/m1a4xnetworkprobe./Documents/CPTFM/model.py:37: UserWarning: enable_nested_tensor is True, but self.use_nested_tensor is False because encoder_layer.norm_first was True
  self.encoder = nn.TransformerEncoder(encoder_layer, num_layers=encoder_depth)
/Users/m1a4xnetworkprobe./Documents/CPTFM/model.py:47: UserWarning: enable_nested_tensor is True, but self.use_nested_tensor is False because encoder_layer.norm_first was True
  self.decoder      = nn.TransformerEncoder(decoder_layer, num_layers=decoder_depth)
params: 7.58M
resumed from epoch 127  best_val 0.0238
epoch 128/300  train 0.0299  val 0.0245  mr 0.61  pf 0.22  lr 6.49e-04
epoch 129/300  train 0.0349  val 0.0287  mr 0.61  pf 0.22  lr 6.43e-04
epoch 130/300  train 0.0309  val 0.0257  mr 0.61  pf 0.22  lr 6.38e-04
epoch 131/300  train 0.0354  val 0.0313  mr 0.61  pf 0.23  lr 6.33e-04
epoch 132/300  train 0.0330  val 0.0330  mr 0.62  pf 0.23  lr 6.28e-04
epoch 133/300  train 0.0415  val 0.0293  mr 0.62  pf 0.24  lr 6.23e-04
epoch 134/300  train 0.0307  val 0.0263  mr 0.62  pf 0.24  lr 6.18e-04
epoch 135/300  train 0.0298  val 0.0262  mr 0.62  pf 0.25  lr 6.12e-04
epoch 136/300  train 0.0284  val 0.0264  mr 0.62  pf 0.25  lr 6.07e-04
epoch 137/300  train 0.0276  val 0.0243  mr 0.63  pf 0.25  lr 6.02e-04
epoch 138/300  train 0.0263  val 0.0246  mr 0.63  pf 0.26  lr 5.97e-04
epoch 139/300  train 0.0283  val 0.0247  mr 0.63  pf 0.26  lr 5.91e-04
epoch 140/300  train 0.0271  val 0.0245  mr 0.63  pf 0.27  lr 5.86e-04
epoch 141/300  train 0.0275  val 0.0252  mr 0.64  pf 0.27  lr 5.81e-04
epoch 142/300  train 0.0277  val 0.0238  mr 0.64  pf 0.27  lr 5.75e-04
epoch 143/300  train 0.0270  val 0.0241  mr 0.64  pf 0.28  lr 5.70e-04
epoch 144/300  train 0.0272  val 0.0254  mr 0.64  pf 0.28  lr 5.65e-04
epoch 145/300  train 0.0300  val 0.0285  mr 0.64  pf 0.29  lr 5.59e-04
epoch 146/300  train 0.0290  val 0.0260  mr 0.65  pf 0.29  lr 5.54e-04
epoch 147/300  train 0.0354  val 0.0259  mr 0.65  pf 0.30  lr 5.49e-04
epoch 148/300  train 0.0304  val 0.0263  mr 0.65  pf 0.30  lr 5.43e-04
epoch 149/300  train 0.0299  val 0.0252  mr 0.65  pf 0.30  lr 5.38e-04
epoch 150/300  train 0.0329  val 0.0259  mr 0.65  pf 0.31  lr 5.33e-04
  test (n=181)  vis  0m  qc 9.261 MPa  fs 155.946 kPa
  test (n=181)  vis  5m  qc 17.779 MPa  fs 223.047 kPa
  test (n=181)  vis 10m  qc 22.050 MPa  fs 262.840 kPa
  test (n=181)  vis 15m  qc 31.037 MPa  fs 328.070 kPa
  test (n=181)  vis 20m  qc 48.918 MPa  fs 490.680 kPa
epoch 151/300  train 0.0300  val 0.0244  mr 0.66  pf 0.31  lr 5.27e-04
epoch 152/300  train 0.0291  val 0.0249  mr 0.66  pf 0.32  lr 5.22e-04
epoch 153/300  train 0.0289  val 0.0246  mr 0.66  pf 0.32  lr 5.17e-04
epoch 154/300  train 0.0304  val 0.0240  mr 0.66  pf 0.33  lr 5.11e-04
epoch 155/300  train 0.0318  val 0.0248  mr 0.66  pf 0.33  lr 5.06e-04
epoch 156/300  train 0.0270  val 0.0239  mr 0.67  pf 0.33  lr 5.01e-04
epoch 157/300  train 0.0301  val 0.0239  mr 0.67  pf 0.34  lr 4.95e-04
epoch 158/300  train 0.0268  val 0.0238  mr 0.67  pf 0.34  lr 4.90e-04
epoch 159/300  train 0.0284  val 0.0232  mr 0.67  pf 0.35  lr 4.84e-04
epoch 160/300  train 0.0265  val 0.0234  mr 0.68  pf 0.35  lr 4.79e-04
epoch 161/300  train 0.0266  val 0.0239  mr 0.68  pf 0.35  lr 4.74e-04
epoch 162/300  train 0.0264  val 0.0232  mr 0.68  pf 0.36  lr 4.68e-04
epoch 163/300  train 0.0265  val 0.0229  mr 0.68  pf 0.36  lr 4.63e-04
epoch 164/300  train 0.0260  val 0.0225  mr 0.68  pf 0.37  lr 4.58e-04
epoch 165/300  train 0.0278  val 0.0247  mr 0.69  pf 0.37  lr 4.52e-04
epoch 166/300  train 0.0290  val 0.0231  mr 0.69  pf 0.38  lr 4.47e-04
epoch 167/300  train 0.0458  val 0.0324  mr 0.69  pf 0.38  lr 4.42e-04
epoch 168/300  train 0.0463  val 0.0379  mr 0.69  pf 0.38  lr 4.36e-04
epoch 169/300  train 0.0500  val 0.0361  mr 0.69  pf 0.39  lr 4.31e-04
epoch 170/300  train 0.0409  val 0.0307  mr 0.70  pf 0.39  lr 4.26e-04
epoch 171/300  train 0.0361  val 0.0294  mr 0.70  pf 0.40  lr 4.21e-04
epoch 172/300  train 0.0354  val 0.0304  mr 0.70  pf 0.40  lr 4.15e-04
epoch 173/300  train 0.0331  val 0.0273  mr 0.70  pf 0.40  lr 4.10e-04
epoch 174/300  train 0.0390  val 0.0255  mr 0.70  pf 0.41  lr 4.05e-04
epoch 175/300  train 0.0314  val 0.0256  mr 0.71  pf 0.41  lr 3.99e-04
  test (n=181)  vis  0m  qc 9.324 MPa  fs 154.400 kPa
  test (n=181)  vis  5m  qc 15.278 MPa  fs 229.987 kPa
  test (n=181)  vis 10m  qc 18.742 MPa  fs 258.012 kPa
  test (n=181)  vis 15m  qc 25.235 MPa  fs 306.407 kPa
  test (n=181)  vis 20m  qc 38.854 MPa  fs 459.279 kPa
epoch 176/300  train 0.0304  val 0.0260  mr 0.71  pf 0.42  lr 3.94e-04
epoch 177/300  train 0.0291  val 0.0246  mr 0.71  pf 0.42  lr 3.89e-04
epoch 178/300  train 0.0291  val 0.0239  mr 0.71  pf 0.42  lr 3.84e-04
epoch 179/300  train 0.0295  val 0.0242  mr 0.71  pf 0.43  lr 3.79e-04
epoch 180/300  train 0.0297  val 0.0240  mr 0.72  pf 0.43  lr 3.73e-04
epoch 181/300  train 0.0350  val 0.0244  mr 0.72  pf 0.44  lr 3.68e-04
epoch 182/300  train 0.0284  val 0.0244  mr 0.72  pf 0.44  lr 3.63e-04
epoch 183/300  train 0.0282  val 0.0242  mr 0.72  pf 0.45  lr 3.58e-04
epoch 184/300  train 0.0395  val 0.0303  mr 0.72  pf 0.45  lr 3.53e-04
epoch 185/300  train 0.0367  val 0.0289  mr 0.73  pf 0.45  lr 3.48e-04
epoch 186/300  train 0.0372  val 0.0267  mr 0.73  pf 0.46  lr 3.43e-04
epoch 187/300  train 0.0321  val 0.0271  mr 0.73  pf 0.46  lr 3.38e-04
epoch 188/300  train 0.0308  val 0.0265  mr 0.73  pf 0.47  lr 3.33e-04
epoch 189/300  train 0.0344  val 0.0277  mr 0.74  pf 0.47  lr 3.28e-04
epoch 190/300  train 0.0352  val 0.0258  mr 0.74  pf 0.47  lr 3.23e-04
epoch 191/300  train 0.0328  val 0.0260  mr 0.74  pf 0.48  lr 3.18e-04
epoch 192/300  train 0.0314  val 0.0279  mr 0.74  pf 0.48  lr 3.13e-04
epoch 193/300  train 0.0338  val 0.0308  mr 0.74  pf 0.49  lr 3.08e-04
epoch 194/300  train 0.0337  val 0.0268  mr 0.75  pf 0.49  lr 3.03e-04
epoch 195/300  train 0.0312  val 0.0236  mr 0.75  pf 0.50  lr 2.98e-04
epoch 196/300  train 0.0292  val 0.0245  mr 0.75  pf 0.50  lr 2.93e-04
epoch 197/300  train 0.0315  val 0.0262  mr 0.75  pf 0.50  lr 2.88e-04
epoch 198/300  train 0.0314  val 0.0248  mr 0.75  pf 0.50  lr 2.83e-04
epoch 199/300  train 0.0311  val 0.0239  mr 0.75  pf 0.50  lr 2.79e-04
epoch 200/300  train 0.0319  val 0.0250  mr 0.75  pf 0.50  lr 2.74e-04
  test (n=181)  vis  0m  qc 9.269 MPa  fs 152.453 kPa
  test (n=181)  vis  5m  qc 14.997 MPa  fs 218.295 kPa
  test (n=181)  vis 10m  qc 18.515 MPa  fs 251.272 kPa
  test (n=181)  vis 15m  qc 24.782 MPa  fs 307.828 kPa
  test (n=181)  vis 20m  qc 38.126 MPa  fs 477.724 kPa
epoch 201/300  train 0.0315  val 0.0240  mr 0.75  pf 0.50  lr 2.69e-04
epoch 202/300  train 0.0305  val 0.0241  mr 0.75  pf 0.50  lr 2.64e-04
epoch 203/300  train 0.0297  val 0.0234  mr 0.75  pf 0.50  lr 2.60e-04
epoch 204/300  train 0.0280  val 0.0236  mr 0.75  pf 0.50  lr 2.55e-04
epoch 205/300  train 0.0300  val 0.0226  mr 0.75  pf 0.50  lr 2.51e-04
epoch 206/300  train 0.0290  val 0.0231  mr 0.75  pf 0.50  lr 2.46e-04
epoch 207/300  train 0.0301  val 0.0234  mr 0.75  pf 0.50  lr 2.41e-04
epoch 208/300  train 0.0280  val 0.0231  mr 0.75  pf 0.50  lr 2.37e-04
epoch 209/300  train 0.0265  val 0.0225  mr 0.75  pf 0.50  lr 2.32e-04
epoch 210/300  train 0.0264  val 0.0231  mr 0.75  pf 0.50  lr 2.28e-04
epoch 211/300  train 0.0257  val 0.0227  mr 0.75  pf 0.50  lr 2.24e-04
epoch 212/300  train 0.0270  val 0.0228  mr 0.75  pf 0.50  lr 2.19e-04
epoch 213/300  train 0.0287  val 0.0228  mr 0.75  pf 0.50  lr 2.15e-04
epoch 214/300  train 0.0285  val 0.0241  mr 0.75  pf 0.50  lr 2.10e-04
epoch 215/300  train 0.0273  val 0.0224  mr 0.75  pf 0.50  lr 2.06e-04
epoch 216/300  train 0.0343  val 0.0294  mr 0.75  pf 0.50  lr 2.02e-04
epoch 217/300  train 0.0343  val 0.0265  mr 0.75  pf 0.50  lr 1.98e-04
epoch 218/300  train 0.0323  val 0.0256  mr 0.75  pf 0.50  lr 1.93e-04
epoch 219/300  train 0.0368  val 0.0261  mr 0.75  pf 0.50  lr 1.89e-04
epoch 220/300  train 0.0355  val 0.0264  mr 0.75  pf 0.50  lr 1.85e-04
epoch 221/300  train 0.0314  val 0.0255  mr 0.75  pf 0.50  lr 1.81e-04
epoch 222/300  train 0.0324  val 0.0243  mr 0.75  pf 0.50  lr 1.77e-04
epoch 223/300  train 0.0308  val 0.0237  mr 0.75  pf 0.50  lr 1.73e-04
epoch 224/300  train 0.0305  val 0.0241  mr 0.75  pf 0.50  lr 1.69e-04
epoch 225/300  train 0.0279  val 0.0243  mr 0.75  pf 0.50  lr 1.65e-04
  test (n=181)  vis  0m  qc 9.242 MPa  fs 152.010 kPa
  test (n=181)  vis  5m  qc 15.529 MPa  fs 215.927 kPa
  test (n=181)  vis 10m  qc 19.102 MPa  fs 248.854 kPa
  test (n=181)  vis 15m  qc 25.419 MPa  fs 317.607 kPa
  test (n=181)  vis 20m  qc 39.201 MPa  fs 477.931 kPa
epoch 226/300  train 0.0291  val 0.0226  mr 0.75  pf 0.50  lr 1.61e-04
