/Users/m1a4xnetworkprobe./Documents/CPTFM/cptfm/model.py:41: UserWarning: enable_nested_tensor is True, but self.use_nested_tensor is False because encoder_layer.norm_first was True
  self.encoder = nn.TransformerEncoder(encoder_layer, num_layers=encoder_depth)
device: mps
train: 2033  val: 253  test (held-out): 253
qc [0.300, 41.260] MPa   fs [2.456, 1411.000] kPa
tokenizer loaded  val_recon 0.0008  K=128  d_vq=32  depth_cond=True
params: 8.33M
epoch   1/300  train 10.3331  val 7.2798  mr 0.50  pf 0.00  lr 8.75e-05  gn 45.189  t 41s  mps 176MB
epoch   2/300  train 6.1210  val 5.1084  mr 0.50  pf 0.00  lr 1.88e-04  gn 20.814  t 40s  mps 159MB
epoch   3/300  train 4.8595  val 4.6000  mr 0.50  pf 0.00  lr 2.87e-04  gn 14.696  t 44s  mps 159MB
epoch   4/300  train 4.5819  val 4.4617  mr 0.50  pf 0.00  lr 3.87e-04  gn 15.984  t 45s  mps 159MB
epoch   5/300  train 4.4711  val 4.5492  mr 0.50  pf 0.00  lr 4.87e-04  gn 15.213  t 40s  mps 159MB
epoch   6/300  train 4.4891  val 4.5071  mr 0.50  pf 0.00  lr 5.88e-04  gn 15.929  t 40s  mps 159MB
epoch   7/300  train 4.4300  val 4.5686  mr 0.50  pf 0.00  lr 6.87e-04  gn 13.432  t 41s  mps 159MB
epoch   8/300  train 4.4678  val 4.5816  mr 0.50  pf 0.00  lr 7.88e-04  gn 13.248  t 43s  mps 159MB
epoch   9/300  train 4.6557  val 4.6101  mr 0.50  pf 0.00  lr 8.88e-04  gn 12.815  t 43s  mps 159MB
epoch  10/300  train 4.7593  val 4.8070  mr 0.50  pf 0.00  lr 9.88e-04  gn 14.247  t 41s  mps 159MB
epoch  11/300  train 4.7335  val 4.7874  mr 0.50  pf 0.00  lr 1.00e-03  gn 12.818  t 41s  mps 159MB
epoch  12/300  train 4.4805  val 4.4323  mr 0.50  pf 0.00  lr 1.00e-03  gn 10.488  t 41s  mps 156MB
epoch  13/300  train 4.3021  val 4.1498  mr 0.50  pf 0.00  lr 1.00e-03  gn 8.074  t 39s  mps 159MB
epoch  14/300  train 4.1587  val 4.0149  mr 0.50  pf 0.00  lr 1.00e-03  gn 7.117  t 39s  mps 159MB
epoch  15/300  train 4.0224  val 3.9343  mr 0.50  pf 0.00  lr 9.99e-04  gn 5.766  t 41s  mps 159MB
epoch  16/300  train 3.9459  val 3.9185  mr 0.50  pf 0.00  lr 9.99e-04  gn 5.234  t 41s  mps 159MB
epoch  17/300  train 3.8698  val 3.8435  mr 0.50  pf 0.00  lr 9.99e-04  gn 4.616  t 40s  mps 159MB
epoch  18/300  train 3.8488  val 3.7505  mr 0.50  pf 0.00  lr 9.98e-04  gn 4.854  t 40s  mps 159MB
epoch  19/300  train 3.7879  val 3.7956  mr 0.50  pf 0.00  lr 9.98e-04  gn 4.293  t 40s  mps 159MB
epoch  20/300  train 3.7842  val 3.7393  mr 0.50  pf 0.00  lr 9.97e-04  gn 4.444  t 40s  mps 159MB
epoch  21/300  train 3.7211  val 3.6718  mr 0.50  pf 0.00  lr 9.97e-04  gn 4.327  t 41s  mps 159MB
epoch  22/300  train 3.6646  val 3.6359  mr 0.50  pf 0.00  lr 9.96e-04  gn 4.924  t 40s  mps 159MB
epoch  23/300  train 3.5531  val 3.4970  mr 0.50  pf 0.00  lr 9.95e-04  gn 5.001  t 40s  mps 159MB
epoch  24/300  train 3.5457  val 3.7474  mr 0.50  pf 0.00  lr 9.94e-04  gn 5.941  t 40s  mps 159MB
epoch  25/300  train 3.5122  val 3.4359  mr 0.50  pf 0.00  lr 9.94e-04  gn 4.615  t 40s  mps 159MB
  test (n=253)  vis  0m  qc 15.012 MPa  fs 538.012 kPa
  test (n=253)  vis  5m  qc 10.059 MPa  fs 195.487 kPa
  test (n=253)  vis 10m  qc 10.537 MPa  fs 188.356 kPa
  test (n=253)  vis 15m  qc 10.207 MPa  fs 161.538 kPa
  test (n=253)  vis 20m  qc 10.044 MPa  fs 154.546 kPa
epoch  26/300  train 3.4394  val 3.3547  mr 0.50  pf 0.00  lr 9.93e-04  gn 4.450  t 40s  mps 159MB
epoch  27/300  train 3.3764  val 3.4795  mr 0.50  pf 0.00  lr 9.92e-04  gn 4.121  t 40s  mps 159MB
epoch  28/300  train 3.3367  val 3.2784  mr 0.50  pf 0.00  lr 9.91e-04  gn 3.615  t 39s  mps 159MB
epoch  29/300  train 3.3708  val 3.3276  mr 0.50  pf 0.00  lr 9.90e-04  gn 4.088  t 39s  mps 159MB
epoch  30/300  train 3.2841  val 3.3775  mr 0.50  pf 0.00  lr 9.89e-04  gn 3.298  t 39s  mps 159MB
epoch  31/300  train 3.3014  val 3.3154  mr 0.50  pf 0.00  lr 9.87e-04  gn 3.917  t 39s  mps 159MB
epoch  32/300  train 3.2481  val 3.2969  mr 0.50  pf 0.00  lr 9.86e-04  gn 3.719  t 39s  mps 159MB
epoch  33/300  train 3.1873  val 3.2050  mr 0.50  pf 0.00  lr 9.85e-04  gn 3.105  t 39s  mps 159MB
epoch  34/300  train 3.1664  val 3.1285  mr 0.50  pf 0.00  lr 9.84e-04  gn 2.940  t 39s  mps 156MB
epoch  35/300  train 3.1646  val 3.1479  mr 0.50  pf 0.00  lr 9.82e-04  gn 3.207  t 38s  mps 159MB
epoch  36/300  train 3.1112  val 3.1666  mr 0.50  pf 0.00  lr 9.81e-04  gn 3.090  t 38s  mps 159MB
epoch  37/300  train 3.0949  val 3.1549  mr 0.50  pf 0.00  lr 9.79e-04  gn 3.259  t 38s  mps 159MB
epoch  38/300  train 3.0543  val 3.1261  mr 0.50  pf 0.00  lr 9.78e-04  gn 2.868  t 38s  mps 159MB
epoch  39/300  train 3.0870  val 3.1090  mr 0.50  pf 0.00  lr 9.76e-04  gn 3.436  t 37s  mps 159MB
epoch  40/300  train 3.0531  val 3.1058  mr 0.50  pf 0.00  lr 9.74e-04  gn 2.797  t 37s  mps 159MB
epoch  41/300  train 3.0395  val 3.0716  mr 0.50  pf 0.00  lr 9.73e-04  gn 3.540  t 37s  mps 159MB
epoch  42/300  train 3.0305  val 3.1204  mr 0.50  pf 0.00  lr 9.71e-04  gn 3.277  t 37s  mps 159MB
epoch  43/300  train 3.0610  val 3.0913  mr 0.50  pf 0.00  lr 9.69e-04  gn 3.802  t 36s  mps 159MB
epoch  44/300  train 3.0165  val 3.0735  mr 0.50  pf 0.00  lr 9.67e-04  gn 2.734  t 36s  mps 159MB
epoch  45/300  train 2.9912  val 3.0824  mr 0.50  pf 0.00  lr 9.65e-04  gn 2.749  t 35s  mps 159MB
epoch  46/300  train 3.0082  val 3.1137  mr 0.50  pf 0.00  lr 9.63e-04  gn 3.193  t 36s  mps 159MB
epoch  47/300  train 3.0210  val 3.0360  mr 0.50  pf 0.00  lr 9.61e-04  gn 3.593  t 36s  mps 159MB
epoch  48/300  train 3.0032  val 3.0654  mr 0.50  pf 0.00  lr 9.59e-04  gn 2.935  t 36s  mps 159MB
epoch  49/300  train 2.9715  val 2.9945  mr 0.50  pf 0.00  lr 9.57e-04  gn 2.626  t 37s  mps 159MB
epoch  50/300  train 2.9459  val 3.1273  mr 0.50  pf 0.00  lr 9.55e-04  gn 2.703  t 36s  mps 159MB
  test (n=253)  vis  0m  qc 14.688 MPa  fs 421.432 kPa
  test (n=253)  vis  5m  qc 11.338 MPa  fs 190.223 kPa
  test (n=253)  vis 10m  qc 11.942 MPa  fs 203.616 kPa
  test (n=253)  vis 15m  qc 10.344 MPa  fs 151.362 kPa
  test (n=253)  vis 20m  qc 8.478 MPa  fs 149.500 kPa
epoch  51/300  train 2.9667  val 3.0346  mr 0.50  pf 0.00  lr 9.52e-04  gn 2.806  t 35s  mps 159MB
epoch  52/300  train 2.9680  val 2.9927  mr 0.50  pf 0.00  lr 9.50e-04  gn 3.040  t 35s  mps 159MB
epoch  53/300  train 2.9188  val 3.0638  mr 0.50  pf 0.00  lr 9.48e-04  gn 2.735  t 35s  mps 159MB
epoch  54/300  train 2.9195  val 3.0437  mr 0.50  pf 0.00  lr 9.45e-04  gn 2.774  t 35s  mps 159MB
epoch  55/300  train 2.8886  val 2.9823  mr 0.50  pf 0.00  lr 9.43e-04  gn 2.884  t 35s  mps 159MB
epoch  56/300  train 2.8863  val 3.0770  mr 0.50  pf 0.00  lr 9.40e-04  gn 2.410  t 36s  mps 159MB
epoch  57/300  train 2.8823  val 2.9593  mr 0.50  pf 0.00  lr 9.38e-04  gn 2.474  t 35s  mps 159MB
epoch  58/300  train 2.8544  val 2.9883  mr 0.50  pf 0.00  lr 9.35e-04  gn 2.313  t 35s  mps 159MB
epoch  59/300  train 2.8333  val 2.9170  mr 0.50  pf 0.00  lr 9.32e-04  gn 2.147  t 35s  mps 159MB
epoch  60/300  train 2.8386  val 2.9857  mr 0.50  pf 0.00  lr 9.29e-04  gn 2.679  t 35s  mps 159MB
epoch  61/300  train 2.8296  val 2.8896  mr 0.50  pf 0.00  lr 9.27e-04  gn 2.318  t 35s  mps 159MB
epoch  62/300  train 2.8319  val 2.9487  mr 0.50  pf 0.00  lr 9.24e-04  gn 2.579  t 35s  mps 159MB
epoch  63/300  train 2.8204  val 2.9767  mr 0.50  pf 0.00  lr 9.21e-04  gn 2.775  t 35s  mps 159MB
epoch  64/300  train 2.8248  val 2.9299  mr 0.50  pf 0.00  lr 9.18e-04  gn 2.641  t 36s  mps 159MB
epoch  65/300  train 2.8398  val 2.8965  mr 0.50  pf 0.00  lr 9.15e-04  gn 3.093  t 35s  mps 159MB
epoch  66/300  train 2.7787  val 2.9316  mr 0.50  pf 0.00  lr 9.12e-04  gn 2.225  t 35s  mps 159MB
epoch  67/300  train 2.7811  val 2.9049  mr 0.50  pf 0.00  lr 9.09e-04  gn 2.023  t 35s  mps 159MB
epoch  68/300  train 2.8202  val 2.9009  mr 0.50  pf 0.00  lr 9.06e-04  gn 2.975  t 35s  mps 159MB
epoch  69/300  train 2.7743  val 2.9659  mr 0.50  pf 0.00  lr 9.03e-04  gn 2.041  t 34s  mps 159MB
epoch  70/300  train 2.7700  val 2.8993  mr 0.50  pf 0.00  lr 8.99e-04  gn 2.045  t 36s  mps 159MB
epoch  71/300  train 2.7714  val 2.8603  mr 0.50  pf 0.00  lr 8.96e-04  gn 2.319  t 36s  mps 159MB
epoch  72/300  train 2.7909  val 2.9503  mr 0.50  pf 0.00  lr 8.93e-04  gn 2.752  t 35s  mps 159MB
epoch  73/300  train 2.7511  val 2.9125  mr 0.50  pf 0.00  lr 8.90e-04  gn 2.364  t 36s  mps 159MB
epoch  74/300  train 2.7520  val 2.8653  mr 0.50  pf 0.00  lr 8.86e-04  gn 2.344  t 36s  mps 159MB
epoch  75/300  train 2.7303  val 2.8896  mr 0.50  pf 0.00  lr 8.83e-04  gn 2.014  t 36s  mps 159MB
  test (n=253)  vis  0m  qc 15.283 MPa  fs 397.702 kPa
  test (n=253)  vis  5m  qc 11.519 MPa  fs 197.927 kPa
  test (n=253)  vis 10m  qc 12.110 MPa  fs 208.374 kPa
  test (n=253)  vis 15m  qc 11.136 MPa  fs 161.786 kPa
  test (n=253)  vis 20m  qc 9.613 MPa  fs 150.076 kPa
epoch  76/300  train 2.7279  val 2.9032  mr 0.50  pf 0.00  lr 8.79e-04  gn 2.435  t 36s  mps 159MB
epoch  77/300  train 2.7368  val 2.8524  pval 4.7690  mr 0.50  pf 0.00  lr 8.76e-04  gn 2.812  t 36s  mps 196MB
epoch  78/300  train 2.7152  val 2.8299  pval 4.6670  mr 0.50  pf 0.01  lr 8.72e-04  gn 2.199  t 35s  mps 196MB
epoch  79/300  train 2.7125  val 2.8420  pval 4.6718  mr 0.51  pf 0.01  lr 8.68e-04  gn 2.419  t 35s  mps 196MB
epoch  80/300  train 2.6951  val 2.8438  pval 4.6631  mr 0.51  pf 0.02  lr 8.65e-04  gn 2.125  t 35s  mps 196MB
epoch  81/300  train 2.7098  val 2.8629  pval 4.9139  mr 0.51  pf 0.02  lr 8.61e-04  gn 1.650  t 36s  mps 196MB
epoch  82/300  train 2.8742  val 2.8716  pval 4.7399  mr 0.51  pf 0.03  lr 8.57e-04  gn 3.067  t 36s  mps 194MB
epoch  83/300  train 2.7327  val 2.8521  pval 4.7802  mr 0.51  pf 0.03  lr 8.54e-04  gn 2.176  t 36s  mps 195MB
epoch  84/300  train 2.7663  val 2.8613  pval 4.0034  mr 0.52  pf 0.03  lr 8.50e-04  gn 2.143  t 36s  mps 195MB
epoch  85/300  train 2.7616  val 2.9394  pval 4.2277  mr 0.52  pf 0.04  lr 8.46e-04  gn 2.250  t 36s  mps 195MB
epoch  86/300  train 2.7728  val 2.9813  pval 3.5157  mr 0.52  pf 0.04  lr 8.42e-04  gn 2.096  t 35s  mps 195MB
epoch  87/300  train 2.7726  val 2.8475  pval 3.7730  mr 0.52  pf 0.05  lr 8.38e-04  gn 2.326  t 36s  mps 195MB
epoch  88/300  train 2.7515  val 2.8110  pval 3.5606  mr 0.53  pf 0.05  lr 8.34e-04  gn 2.073  t 36s  mps 195MB
epoch  89/300  train 2.6910  val 2.8569  pval 3.6526  mr 0.53  pf 0.05  lr 8.30e-04  gn 1.884  t 36s  mps 195MB
epoch  90/300  train 2.8123  val 2.7991  pval 3.7174  mr 0.53  pf 0.06  lr 8.26e-04  gn 1.771  t 35s  mps 186MB
epoch  91/300  train 2.7094  val 2.9086  pval 4.1792  mr 0.53  pf 0.06  lr 8.22e-04  gn 2.010  t 35s  mps 187MB
epoch  92/300  train 2.7704  val 2.7949  pval 3.7186  mr 0.53  pf 0.07  lr 8.18e-04  gn 2.557  t 37s  mps 190MB
epoch  93/300  train 2.7357  val 2.9342  pval 3.7697  mr 0.54  pf 0.07  lr 8.14e-04  gn 2.783  t 36s  mps 184MB
epoch  94/300  train 3.1781  val 2.8780  pval 3.5832  mr 0.54  pf 0.07  lr 8.09e-04  gn 4.428  t 35s  mps 185MB
epoch  95/300  train 3.2470  val 2.8358  pval 3.5223  mr 0.54  pf 0.08  lr 8.05e-04  gn 4.359  t 37s  mps 185MB
epoch  96/300  train 2.7245  val 2.8710  pval 3.6041  mr 0.54  pf 0.08  lr 8.01e-04  gn 2.170  t 35s  mps 186MB
epoch  97/300  train 2.7127  val 2.8479  pval 3.7926  mr 0.54  pf 0.09  lr 7.96e-04  gn 1.784  t 36s  mps 194MB
epoch  98/300  train 3.3160  val 2.8849  pval 3.5310  mr 0.55  pf 0.09  lr 7.92e-04  gn 3.732  t 36s  mps 186MB
epoch  99/300  train 2.7175  val 2.8406  pval 3.6501  mr 0.55  pf 0.10  lr 7.88e-04  gn 2.119  t 36s  mps 186MB
epoch 100/300  train 2.9079  val 2.8205  pval 3.4873  mr 0.55  pf 0.10  lr 7.83e-04  gn 2.658  t 35s  mps 181MB
  test (n=253)  vis  0m  qc 10.228 MPa  fs 224.067 kPa
  test (n=253)  vis  5m  qc 9.946 MPa  fs 165.002 kPa
  test (n=253)  vis 10m  qc 10.550 MPa  fs 169.697 kPa
  test (n=253)  vis 15m  qc 10.113 MPa  fs 152.993 kPa
  test (n=253)  vis 20m  qc 8.817 MPa  fs 151.683 kPa
epoch 101/300  train 2.7588  val 2.7780  pval 3.3777  mr 0.55  pf 0.10  lr 7.79e-04  gn 1.899  t 35s  mps 212MB
epoch 102/300  train 2.7618  val 2.8107  pval 3.2866  mr 0.55  pf 0.11  lr 7.74e-04  gn 1.782  t 36s  mps 214MB
epoch 103/300  train 2.9170  val 2.7463  pval 3.2949  mr 0.56  pf 0.11  lr 7.70e-04  gn 2.038  t 34s  mps 220MB
epoch 104/300  train 2.8538  val 2.8143  pval 3.3708  mr 0.56  pf 0.12  lr 7.65e-04  gn 2.470  t 36s  mps 193MB
epoch 105/300  train 2.8874  val 2.7818  pval 3.4351  mr 0.56  pf 0.12  lr 7.61e-04  gn 2.673  t 35s  mps 213MB
epoch 106/300  train 2.8022  val 2.8186  pval 3.3519  mr 0.56  pf 0.12  lr 7.56e-04  gn 1.845  t 34s  mps 186MB
epoch 107/300  train 2.8408  val 2.8549  pval 3.4340  mr 0.56  pf 0.13  lr 7.52e-04  gn 2.475  t 34s  mps 186MB
epoch 108/300  train 2.8514  val 2.8229  pval 3.4341  mr 0.57  pf 0.13  lr 7.47e-04  gn 2.445  t 35s  mps 181MB
epoch 109/300  train 2.7947  val 2.8198  pval 3.2996  mr 0.57  pf 0.14  lr 7.42e-04  gn 2.433  t 34s  mps 186MB
epoch 110/300  train 2.7007  val 2.7418  pval 3.2689  mr 0.57  pf 0.14  lr 7.37e-04  gn 1.831  t 34s  mps 186MB
epoch 111/300  train 2.7459  val 2.7948  pval 3.2418  mr 0.57  pf 0.15  lr 7.33e-04  gn 1.785  t 34s  mps 187MB
epoch 112/300  train 2.7388  val 2.8133  pval 3.3162  mr 0.57  pf 0.15  lr 7.28e-04  gn 2.469  t 35s  mps 186MB
epoch 113/300  train 2.7962  val 2.7825  pval 3.2627  mr 0.58  pf 0.15  lr 7.23e-04  gn 2.624  t 35s  mps 186MB
epoch 114/300  train 2.7698  val 2.7836  pval 3.2287  mr 0.58  pf 0.16  lr 7.18e-04  gn 1.892  t 34s  mps 185MB
epoch 115/300  train 2.7967  val 2.8813  pval 3.2816  mr 0.58  pf 0.16  lr 7.13e-04  gn 2.491  t 39s  mps 185MB
epoch 116/300  train 2.7605  val 2.7060  pval 3.2366  mr 0.58  pf 0.17  lr 7.09e-04  gn 2.179  t 36s  mps 185MB
epoch 117/300  train 2.8484  val 2.7707  pval 3.2581  mr 0.59  pf 0.17  lr 7.04e-04  gn 1.837  t 34s  mps 185MB
epoch 118/300  train 2.7334  val 2.7754  pval 3.2322  mr 0.59  pf 0.18  lr 6.99e-04  gn 1.712  t 34s  mps 207MB
epoch 119/300  train 2.7631  val 2.7594  pval 3.2115  mr 0.59  pf 0.18  lr 6.94e-04  gn 1.478  t 34s  mps 207MB
epoch 120/300  train 2.8346  val 2.7835  pval 3.2015  mr 0.59  pf 0.18  lr 6.89e-04  gn 1.465  t 33s  mps 180MB
epoch 121/300  train 2.8427  val 2.7974  pval 3.2498  mr 0.59  pf 0.19  lr 6.84e-04  gn 2.182  t 39s  mps 217MB
epoch 122/300  train 2.8081  val 2.7999  pval 3.2145  mr 0.60  pf 0.19  lr 6.79e-04  gn 1.699  t 35s  mps 205MB
epoch 123/300  train 2.7092  val 2.7539  pval 3.2302  mr 0.60  pf 0.20  lr 6.74e-04  gn 1.746  t 36s  mps 205MB
epoch 124/300  train 2.7872  val 2.7607  pval 3.3102  mr 0.60  pf 0.20  lr 6.69e-04  gn 1.737  t 35s  mps 179MB
epoch 125/300  train 2.6611  val 2.7355  pval 3.2180  mr 0.60  pf 0.20  lr 6.64e-04  gn 2.148  t 38s  mps 203MB
  test (n=253)  vis  0m  qc 9.948 MPa  fs 195.173 kPa
  test (n=253)  vis  5m  qc 9.929 MPa  fs 154.245 kPa
  test (n=253)  vis 10m  qc 10.221 MPa  fs 155.441 kPa
  test (n=253)  vis 15m  qc 10.132 MPa  fs 146.912 kPa
  test (n=253)  vis 20m  qc 8.949 MPa  fs 150.830 kPa
epoch 126/300  train 2.7033  val 2.7402  pval 3.2280  mr 0.60  pf 0.21  lr 6.59e-04  gn 1.739  t 35s  mps 203MB
epoch 127/300  train 2.7560  val 2.7890  pval 3.3152  mr 0.61  pf 0.21  lr 6.53e-04  gn 1.818  t 36s  mps 175MB
epoch 128/300  train 2.7414  val 2.7316  pval 3.2884  mr 0.61  pf 0.22  lr 6.48e-04  gn 1.784  t 36s  mps 202MB
epoch 129/300  train 2.8340  val 2.7451  pval 3.1690  mr 0.61  pf 0.22  lr 6.43e-04  gn 1.842  t 34s  mps 202MB
epoch 130/300  train 2.7691  val 2.7596  pval 3.1837  mr 0.61  pf 0.22  lr 6.38e-04  gn 1.727  t 35s  mps 175MB
epoch 131/300  train 2.7762  val 2.7453  pval 3.1812  mr 0.61  pf 0.23  lr 6.33e-04  gn 1.778  t 35s  mps 214MB
epoch 132/300  train 2.6728  val 2.7235  pval 3.2046  mr 0.62  pf 0.23  lr 6.28e-04  gn 1.528  t 35s  mps 212MB
epoch 133/300  train 2.7347  val 2.7815  pval 3.3163  mr 0.62  pf 0.24  lr 6.23e-04  gn 1.505  t 35s  mps 182MB
epoch 134/300  train 2.7943  val 2.7474  pval 3.1808  mr 0.62  pf 0.24  lr 6.17e-04  gn 1.645  t 35s  mps 215MB
epoch 135/300  train 2.6478  val 2.7116  pval 3.2449  mr 0.62  pf 0.25  lr 6.12e-04  gn 1.592  t 35s  mps 198MB
epoch 136/300  train 2.7514  val 2.7204  pval 3.2183  mr 0.62  pf 0.25  lr 6.07e-04  gn 1.746  t 34s  mps 220MB
epoch 137/300  train 2.7107  val 2.7503  pval 3.2337  mr 0.63  pf 0.25  lr 6.02e-04  gn 1.909  t 35s  mps 179MB
epoch 138/300  train 2.7003  val 2.7423  pval 3.1719  mr 0.63  pf 0.26  lr 5.96e-04  gn 1.751  t 36s  mps 202MB
epoch 139/300  train 2.7344  val 2.7862  pval 3.2369  mr 0.63  pf 0.26  lr 5.91e-04  gn 1.929  t 37s  mps 184MB
epoch 140/300  train 2.7538  val 2.6985  pval 3.2110  mr 0.63  pf 0.27  lr 5.86e-04  gn 1.893  t 36s  mps 190MB
epoch 141/300  train 2.7690  val 2.7234  pval 3.1981  mr 0.64  pf 0.27  lr 5.80e-04  gn 1.822  t 35s  mps 188MB
epoch 142/300  train 2.7578  val 2.7672  pval 3.2333  mr 0.64  pf 0.27  lr 5.75e-04  gn 1.831  t 34s  mps 186MB
epoch 143/300  train 2.8182  val 2.7422  pval 3.1581  mr 0.64  pf 0.28  lr 5.70e-04  gn 1.762  t 34s  mps 180MB
epoch 144/300  train 2.7094  val 2.7041  pval 3.1601  mr 0.64  pf 0.28  lr 5.65e-04  gn 1.456  t 33s  mps 182MB
epoch 145/300  train 2.8438  val 2.7165  pval 3.1491  mr 0.64  pf 0.29  lr 5.59e-04  gn 1.745  t 33s  mps 181MB
epoch 146/300  train 2.7784  val 2.6906  pval 3.1879  mr 0.65  pf 0.29  lr 5.54e-04  gn 2.142  t 35s  mps 182MB
epoch 147/300  train 2.7884  val 2.7457  pval 3.1672  mr 0.65  pf 0.30  lr 5.49e-04  gn 1.928  t 41s  mps 181MB
epoch 148/300  train 2.7620  val 2.6798  pval 3.1708  mr 0.65  pf 0.30  lr 5.43e-04  gn 1.734  t 35s  mps 181MB
epoch 149/300  train 2.7418  val 2.6778  pval 3.2908  mr 0.65  pf 0.30  lr 5.38e-04  gn 1.240  t 33s  mps 181MB
epoch 150/300  train 2.7557  val 2.7058  pval 3.1670  mr 0.65  pf 0.31  lr 5.32e-04  gn 1.454  t 32s  mps 181MB
  test (n=253)  vis  0m  qc 9.392 MPa  fs 181.013 kPa
  test (n=253)  vis  5m  qc 9.371 MPa  fs 166.487 kPa
  test (n=253)  vis 10m  qc 9.120 MPa  fs 149.591 kPa
  test (n=253)  vis 15m  qc 8.997 MPa  fs 148.590 kPa
  test (n=253)  vis 20m  qc 8.946 MPa  fs 168.738 kPa
epoch 151/300  train 2.6538  val 2.7203  pval 3.1491  mr 0.66  pf 0.31  lr 5.27e-04  gn 2.545  t 38s  mps 181MB
epoch 152/300  train 2.6790  val 2.6872  pval 3.1442  mr 0.66  pf 0.32  lr 5.22e-04  gn 2.251  t 35s  mps 181MB
epoch 153/300  train 2.6507  val 2.6779  pval 3.2145  mr 0.66  pf 0.32  lr 5.16e-04  gn 2.135  t 37s  mps 209MB
epoch 154/300  train 2.7011  val 2.6788  pval 3.1351  mr 0.66  pf 0.33  lr 5.11e-04  gn 1.578  t 34s  mps 181MB
epoch 155/300  train 2.7060  val 2.7215  pval 3.1410  mr 0.66  pf 0.33  lr 5.06e-04  gn 1.978  t 35s  mps 212MB
epoch 156/300  train 2.7092  val 2.7343  pval 3.1728  mr 0.67  pf 0.33  lr 5.00e-04  gn 2.773  t 43s  mps 219MB
epoch 157/300  train 2.7358  val 2.7004  pval 3.1590  mr 0.67  pf 0.34  lr 4.95e-04  gn 1.640  t 33s  mps 181MB
epoch 158/300  train 2.6637  val 2.7037  pval 3.1405  mr 0.67  pf 0.34  lr 4.90e-04  gn 1.435  t 34s  mps 186MB
epoch 159/300  train 2.7064  val 2.6714  pval 3.1731  mr 0.67  pf 0.35  lr 4.84e-04  gn 1.147  t 33s  mps 181MB
epoch 160/300  train 2.6887  val 2.7037  pval 3.1284  mr 0.68  pf 0.35  lr 4.79e-04  gn 1.465  t 33s  mps 175MB
epoch 161/300  train 2.7195  val 2.7038  pval 3.2541  mr 0.68  pf 0.35  lr 4.74e-04  gn 1.676  t 36s  mps 174MB
epoch 162/300  train 2.6588  val 2.6715  pval 3.1497  mr 0.68  pf 0.36  lr 4.68e-04  gn 1.181  t 34s  mps 193MB
epoch 163/300  train 2.7221  val 2.7132  pval 3.2243  mr 0.68  pf 0.36  lr 4.63e-04  gn 1.358  t 32s  mps 199MB
epoch 164/300  train 2.6682  val 2.6498  pval 3.2329  mr 0.68  pf 0.37  lr 4.57e-04  gn 1.487  t 34s  mps 182MB
epoch 165/300  train 2.6473  val 2.6223  pval 3.1798  mr 0.69  pf 0.37  lr 4.52e-04  gn 1.230  t 34s  mps 181MB
epoch 166/300  train 2.7388  val 2.6622  pval 3.1097  mr 0.69  pf 0.38  lr 4.47e-04  gn 1.488  t 35s  mps 194MB
epoch 167/300  train 2.6451  val 2.6883  pval 3.0840  mr 0.69  pf 0.38  lr 4.41e-04  gn 1.378  t 35s  mps 222MB
epoch 168/300  train 2.7651  val 2.6740  pval 3.1710  mr 0.69  pf 0.38  lr 4.36e-04  gn 1.476  t 35s  mps 217MB
epoch 169/300  train 2.6035  val 2.7509  pval 3.1717  mr 0.69  pf 0.39  lr 4.31e-04  gn 1.827  t 37s  mps 183MB
epoch 170/300  train 2.7550  val 2.6656  pval 3.0961  mr 0.70  pf 0.39  lr 4.26e-04  gn 1.663  t 33s  mps 183MB
epoch 171/300  train 2.7928  val 2.7058  pval 3.2016  mr 0.70  pf 0.40  lr 4.20e-04  gn 1.933  t 32s  mps 196MB
epoch 172/300  train 2.6252  val 2.6376  pval 3.1134  mr 0.70  pf 0.40  lr 4.15e-04  gn 1.457  t 37s  mps 217MB
epoch 173/300  train 2.7253  val 2.6458  pval 3.1020  mr 0.70  pf 0.40  lr 4.10e-04  gn 1.358  t 33s  mps 182MB
epoch 174/300  train 2.6842  val 2.6802  pval 3.1213  mr 0.70  pf 0.41  lr 4.04e-04  gn 2.079  t 36s  mps 185MB
epoch 175/300  train 2.6410  val 2.7335  pval 3.1207  mr 0.71  pf 0.41  lr 3.99e-04  gn 1.524  t 33s  mps 182MB
  test (n=253)  vis  0m  qc 9.847 MPa  fs 176.185 kPa
  test (n=253)  vis  5m  qc 9.432 MPa  fs 153.331 kPa
  test (n=253)  vis 10m  qc 10.074 MPa  fs 154.056 kPa
  test (n=253)  vis 15m  qc 10.264 MPa  fs 146.248 kPa
  test (n=253)  vis 20m  qc 9.103 MPa  fs 150.025 kPa
epoch 176/300  train 2.7133  val 2.6694  pval 3.1132  mr 0.71  pf 0.42  lr 3.94e-04  gn 1.739  t 33s  mps 202MB
epoch 177/300  train 2.7076  val 2.6662  pval 3.1043  mr 0.71  pf 0.42  lr 3.89e-04  gn 1.451  t 34s  mps 202MB
epoch 178/300  train 2.7413  val 2.6544  pval 3.0979  mr 0.71  pf 0.42  lr 3.84e-04  gn 1.170  t 31s  mps 226MB
epoch 179/300  train 2.6927  val 2.6631  pval 3.1122  mr 0.71  pf 0.43  lr 3.78e-04  gn 1.368  t 32s  mps 183MB
epoch 180/300  train 2.5991  val 2.6376  pval 3.1474  mr 0.72  pf 0.43  lr 3.73e-04  gn 1.501  t 33s  mps 215MB
epoch 181/300  train 2.6807  val 2.6804  pval 3.1080  mr 0.72  pf 0.44  lr 3.68e-04  gn 1.831  t 33s  mps 219MB
epoch 182/300  train 2.6100  val 2.6533  pval 3.0971  mr 0.72  pf 0.44  lr 3.63e-04  gn 1.535  t 35s  mps 215MB
epoch 183/300  train 2.7968  val 2.6235  pval 3.0778  mr 0.72  pf 0.45  lr 3.58e-04  gn 1.326  t 31s  mps 180MB
epoch 184/300  train 2.7780  val 2.6451  pval 3.1513  mr 0.72  pf 0.45  lr 3.53e-04  gn 1.200  t 30s  mps 180MB
epoch 185/300  train 2.6934  val 2.6354  pval 3.1053  mr 0.73  pf 0.45  lr 3.48e-04  gn 1.264  t 33s  mps 179MB
epoch 186/300  train 2.6382  val 2.6381  pval 3.0888  mr 0.73  pf 0.46  lr 3.43e-04  gn 1.613  t 36s  mps 180MB
epoch 187/300  train 2.6073  val 2.6427  pval 3.0759  mr 0.73  pf 0.46  lr 3.37e-04  gn 1.471  t 33s  mps 218MB
epoch 188/300  train 2.6948  val 2.6517  pval 3.0972  mr 0.73  pf 0.47  lr 3.32e-04  gn 1.406  t 35s  mps 217MB
epoch 189/300  train 2.7843  val 2.6330  pval 3.1193  mr 0.74  pf 0.47  lr 3.27e-04  gn 1.417  t 32s  mps 202MB
epoch 190/300  train 2.6068  val 2.6861  pval 3.1299  mr 0.74  pf 0.47  lr 3.22e-04  gn 2.361  t 35s  mps 213MB
epoch 191/300  train 2.7727  val 2.6511  pval 3.0865  mr 0.74  pf 0.48  lr 3.17e-04  gn 1.788  t 33s  mps 209MB
epoch 192/300  train 2.6699  val 2.6587  pval 3.1106  mr 0.74  pf 0.48  lr 3.12e-04  gn 1.700  t 34s  mps 215MB
epoch 193/300  train 2.5473  val 2.6325  pval 3.1159  mr 0.74  pf 0.49  lr 3.08e-04  gn 1.751  t 40s  mps 212MB
epoch 194/300  train 2.7869  val 2.6728  pval 3.1203  mr 0.75  pf 0.49  lr 3.03e-04  gn 1.586  t 33s  mps 210MB
epoch 195/300  train 2.7465  val 2.6767  pval 3.1038  mr 0.75  pf 0.50  lr 2.98e-04  gn 1.928  t 33s  mps 196MB
epoch 196/300  train 2.5411  val 2.6498  pval 3.0684  mr 0.75  pf 0.50  lr 2.93e-04  gn 1.666  t 34s  mps 194MB
epoch 197/300  train 2.4867  val 2.6156  pval 3.0650  mr 0.75  pf 0.50  lr 2.88e-04  gn 1.723  t 37s  mps 180MB
epoch 198/300  train 2.4703  val 2.6521  pval 3.1115  mr 0.75  pf 0.51  lr 2.83e-04  gn 1.353  t 34s  mps 210MB
epoch 199/300  train 2.4741  val 2.5745  pval 3.0650  mr 0.75  pf 0.51  lr 2.78e-04  gn 1.631  t 36s  mps 218MB
epoch 200/300  train 2.4803  val 2.6447  pval 3.0768  mr 0.75  pf 0.52  lr 2.74e-04  gn 1.358  t 32s  mps 210MB
  test (n=253)  vis  0m  qc 9.259 MPa  fs 159.872 kPa
  test (n=253)  vis  5m  qc 9.003 MPa  fs 144.681 kPa
  test (n=253)  vis 10m  qc 9.317 MPa  fs 145.483 kPa
  test (n=253)  vis 15m  qc 9.481 MPa  fs 147.612 kPa
  test (n=253)  vis 20m  qc 9.376 MPa  fs 159.677 kPa
epoch 201/300  train 2.5707  val 2.6134  pval 3.0745  mr 0.75  pf 0.52  lr 2.69e-04  gn 1.351  t 30s  mps 194MB
epoch 202/300  train 2.4797  val 2.6320  pval 3.0616  mr 0.75  pf 0.52  lr 2.64e-04  gn 1.803  t 41s  mps 178MB
epoch 203/300  train 2.5450  val 2.5992  pval 3.0450  mr 0.75  pf 0.53  lr 2.60e-04  gn 1.661  t 32s  mps 210MB
epoch 204/300  train 2.5582  val 2.5754  pval 3.0398  mr 0.75  pf 0.53  lr 2.55e-04  gn 1.489  t 33s  mps 187MB
epoch 205/300  train 2.4773  val 2.5516  pval 3.0473  mr 0.75  pf 0.53  lr 2.50e-04  gn 1.667  t 32s  mps 210MB
epoch 206/300  train 2.4223  val 2.6241  pval 3.0336  mr 0.75  pf 0.54  lr 2.46e-04  gn 1.561  t 33s  mps 186MB
epoch 207/300  train 2.5047  val 2.5766  pval 3.0041  mr 0.75  pf 0.54  lr 2.41e-04  gn 1.596  t 32s  mps 205MB
epoch 208/300  train 2.4459  val 2.6047  pval 3.0097  mr 0.75  pf 0.55  lr 2.37e-04  gn 1.545  t 36s  mps 180MB
epoch 209/300  train 2.3715  val 2.5490  pval 3.0152  mr 0.75  pf 0.55  lr 2.32e-04  gn 1.827  t 34s  mps 180MB
epoch 210/300  train 2.5064  val 2.6061  pval 3.0586  mr 0.75  pf 0.55  lr 2.28e-04  gn 1.526  t 33s  mps 201MB
epoch 211/300  train 2.5482  val 2.5788  pval 3.0312  mr 0.75  pf 0.56  lr 2.23e-04  gn 1.361  t 31s  mps 194MB
epoch 212/300  train 2.4724  val 2.5604  pval 3.0071  mr 0.75  pf 0.56  lr 2.19e-04  gn 1.232  t 32s  mps 194MB
epoch 213/300  train 2.4392  val 2.5886  pval 3.0291  mr 0.75  pf 0.56  lr 2.15e-04  gn 1.363  t 34s  mps 194MB
epoch 214/300  train 2.5279  val 2.5429  pval 3.0323  mr 0.75  pf 0.57  lr 2.10e-04  gn 1.402  t 34s  mps 189MB
epoch 215/300  train 2.4521  val 2.6114  pval 3.0215  mr 0.75  pf 0.57  lr 2.06e-04  gn 1.428  t 34s  mps 182MB
epoch 216/300  train 2.5239  val 2.5409  pval 3.0036  mr 0.75  pf 0.58  lr 2.02e-04  gn 1.416  t 31s  mps 194MB
epoch 217/300  train 2.3311  val 2.5933  pval 3.0166  mr 0.75  pf 0.58  lr 1.97e-04  gn 1.595  t 37s  mps 189MB
epoch 218/300  train 2.3037  val 2.5833  pval 3.0101  mr 0.75  pf 0.58  lr 1.93e-04  gn 1.863  t 36s  mps 182MB
epoch 219/300  train 2.4301  val 2.5633  pval 3.0367  mr 0.75  pf 0.59  lr 1.89e-04  gn 1.797  t 36s  mps 210MB
epoch 220/300  train 2.3932  val 2.5904  pval 3.0146  mr 0.75  pf 0.59  lr 1.85e-04  gn 1.995  t 42s  mps 210MB
epoch 221/300  train 2.3634  val 2.5659  pval 3.0123  mr 0.75  pf 0.60  lr 1.81e-04  gn 1.464  t 35s  mps 211MB
epoch 222/300  train 2.3028  val 2.5734  pval 3.0339  mr 0.75  pf 0.60  lr 1.77e-04  gn 1.464  t 38s  mps 198MB
epoch 223/300  train 2.4607  val 2.5682  pval 3.0180  mr 0.75  pf 0.60  lr 1.73e-04  gn 1.419  t 33s  mps 174MB
epoch 224/300  train 2.5586  val 2.6275  pval 3.0196  mr 0.75  pf 0.61  lr 1.69e-04  gn 1.306  t 31s  mps 202MB
epoch 225/300  train 2.4532  val 2.5993  pval 3.0111  mr 0.75  pf 0.61  lr 1.65e-04  gn 1.848  t 32s  mps 178MB
  test (n=253)  vis  0m  qc 9.372 MPa  fs 167.795 kPa
  test (n=253)  vis  5m  qc 9.342 MPa  fs 150.102 kPa
  test (n=253)  vis 10m  qc 9.602 MPa  fs 149.101 kPa
  test (n=253)  vis 15m  qc 9.767 MPa  fs 147.681 kPa
  test (n=253)  vis 20m  qc 9.067 MPa  fs 162.589 kPa
epoch 226/300  train 2.3532  val 2.5651  pval 3.0037  mr 0.75  pf 0.61  lr 1.61e-04  gn 1.578  t 34s  mps 182MB
epoch 227/300  train 2.3919  val 2.5839  pval 3.0177  mr 0.75  pf 0.62  lr 1.57e-04  gn 1.523  t 32s  mps 185MB
epoch 228/300  train 2.3643  val 2.6003  pval 3.0264  mr 0.75  pf 0.62  lr 1.54e-04  gn 1.976  t 35s  mps 179MB
epoch 229/300  train 2.3242  val 2.5377  pval 3.0278  mr 0.75  pf 0.63  lr 1.50e-04  gn 1.393  t 38s  mps 219MB
epoch 230/300  train 2.4112  val 2.5463  pval 3.0193  mr 0.75  pf 0.63  lr 1.46e-04  gn 1.489  t 36s  mps 195MB
epoch 231/300  train 2.6228  val 2.5768  pval 3.0202  mr 0.75  pf 0.63  lr 1.42e-04  gn 1.299  t 32s  mps 214MB
epoch 232/300  train 2.5485  val 2.5710  pval 3.0484  mr 0.75  pf 0.64  lr 1.39e-04  gn 1.155  t 30s  mps 194MB
epoch 233/300  train 2.3166  val 2.5670  pval 3.0140  mr 0.75  pf 0.64  lr 1.35e-04  gn 1.579  t 44s  mps 199MB
epoch 234/300  train 2.3048  val 2.5873  pval 3.0105  mr 0.75  pf 0.64  lr 1.32e-04  gn 1.982  t 40s  mps 209MB
epoch 235/300  train 2.2723  val 2.5637  pval 3.0161  mr 0.75  pf 0.65  lr 1.28e-04  gn 1.544  t 39s  mps 173MB
epoch 236/300  train 2.4495  val 2.5730  pval 3.0334  mr 0.75  pf 0.65  lr 1.25e-04  gn 1.189  t 31s  mps 210MB
epoch 237/300  train 2.3661  val 2.6075  pval 3.0189  mr 0.75  pf 0.66  lr 1.21e-04  gn 1.669  t 34s  mps 209MB
epoch 238/300  train 2.4233  val 2.5732  pval 3.0030  mr 0.75  pf 0.66  lr 1.18e-04  gn 1.714  t 35s  mps 210MB
epoch 239/300  train 2.3166  val 2.5706  pval 2.9985  mr 0.75  pf 0.66  lr 1.15e-04  gn 1.584  t 36s  mps 218MB
epoch 240/300  train 2.4574  val 2.5650  pval 3.0070  mr 0.75  pf 0.67  lr 1.11e-04  gn 1.487  t 32s  mps 209MB
epoch 241/300  train 2.3404  val 2.5430  pval 3.0264  mr 0.75  pf 0.67  lr 1.08e-04  gn 1.876  t 37s  mps 239MB
epoch 242/300  train 2.3773  val 2.5714  pval 3.0272  mr 0.75  pf 0.68  lr 1.05e-04  gn 1.458  t 35s  mps 184MB
epoch 243/300  train 2.3132  val 2.5924  pval 2.9998  mr 0.75  pf 0.68  lr 1.02e-04  gn 1.766  t 42s  mps 198MB
epoch 244/300  train 2.3969  val 2.5722  pval 3.0227  mr 0.75  pf 0.68  lr 9.87e-05  gn 1.422  t 35s  mps 198MB
epoch 245/300  train 2.4205  val 2.5695  pval 3.0079  mr 0.75  pf 0.69  lr 9.57e-05  gn 1.381  t 35s  mps 207MB
epoch 246/300  train 2.3186  val 2.5584  pval 3.0129  mr 0.75  pf 0.69  lr 9.27e-05  gn 1.505  t 36s  mps 198MB
epoch 247/300  train 2.3652  val 2.5626  pval 3.0109  mr 0.75  pf 0.69  lr 8.97e-05  gn 1.581  t 33s  mps 183MB
epoch 248/300  train 2.3776  val 2.5568  pval 3.0075  mr 0.75  pf 0.70  lr 8.68e-05  gn 1.481  t 34s  mps 220MB
epoch 249/300  train 2.3583  val 2.5537  pval 3.0041  mr 0.75  pf 0.70  lr 8.40e-05  gn 1.775  t 36s  mps 181MB
epoch 250/300  train 2.2888  val 2.5482  pval 3.0195  mr 0.75  pf 0.71  lr 8.12e-05  gn 1.827  t 36s  mps 198MB
  test (n=253)  vis  0m  qc 8.891 MPa  fs 165.275 kPa
  test (n=253)  vis  5m  qc 9.358 MPa  fs 153.486 kPa
  test (n=253)  vis 10m  qc 9.683 MPa  fs 149.573 kPa
  test (n=253)  vis 15m  qc 9.493 MPa  fs 148.777 kPa
  test (n=253)  vis 20m  qc 8.845 MPa  fs 156.927 kPa
epoch 251/300  train 2.2834  val 2.5619  pval 3.0098  mr 0.75  pf 0.71  lr 7.85e-05  gn 1.546  t 42s  mps 186MB
epoch 252/300  train 2.3471  val 2.5789  pval 3.0021  mr 0.75  pf 0.71  lr 7.58e-05  gn 1.433  t 37s  mps 211MB
epoch 253/300  train 2.3626  val 2.5548  pval 2.9999  mr 0.75  pf 0.72  lr 7.31e-05  gn 1.370  t 37s  mps 240MB
epoch 254/300  train 2.3678  val 2.5725  pval 3.0034  mr 0.75  pf 0.72  lr 7.05e-05  gn 1.520  t 38s  mps 189MB
epoch 255/300  train 2.2713  val 2.5616  pval 3.0025  mr 0.75  pf 0.72  lr 6.80e-05  gn 1.733  t 43s  mps 223MB
epoch 256/300  train 2.4162  val 2.5837  pval 3.0093  mr 0.75  pf 0.73  lr 6.55e-05  gn 1.313  t 46s  mps 185MB
epoch 257/300  train 2.3106  val 2.5615  pval 2.9993  mr 0.75  pf 0.73  lr 6.30e-05  gn 1.196  t 34s  mps 198MB
epoch 258/300  train 2.3021  val 2.5591  pval 3.0047  mr 0.75  pf 0.74  lr 6.07e-05  gn 1.533  t 66s  mps 179MB
epoch 259/300  train 2.3726  val 2.5450  pval 3.0073  mr 0.75  pf 0.74  lr 5.83e-05  gn 1.286  t 35s  mps 210MB
epoch 260/300  train 2.3465  val 2.5367  pval 3.0034  mr 0.75  pf 0.74  lr 5.60e-05  gn 1.500  t 43s  mps 177MB
